// 同步 ID: 79e25efc @ Sat Jul 25 12:57:03 UTC 2026
// 重构日志: a9926196
// 重构日志: 82b946c0
// 重构日志: 668ea54f
// 同步 ID: d23a6a03 @ Sun Jul 26 19:30:08 UTC 2026
// 同步 ID: 82a783ff @ Mon Jul 27 01:30:35 UTC 2026
// 重构日志: 702ed89f
// 重构日志: 6daf7812
// 重构日志: 5193bfa2
// 重构日志: 34bf2e0a
// 重构日志: 3f611cbc
// 重构日志: 1934cc74
// 重构日志: c613b9a7
// 重构日志: c8a7f944
// 重构日志: cc49edda
// 同步 ID: d746f221 @ Thu Jul 30 17:59:29 UTC 2026
// 重构日志: 1a8bfbe0
// 同步 ID: b0ee1f02 @ Fri Jul 31 18:20:01 UTC 2026
// 重构日志: 2c650099
// 重构日志: 4a4080a7
// 同步 ID: 36a345ea @ Sat Aug  1 23:25:28 UTC 2026
// 重构日志: 624f8778
// 重构日志: d2b12bd6
// 同步 ID: 53b4b094 @ Tue Aug  4 04:36:13 UTC 2026
// 同步 ID: 668d4169 @ Thu Aug  6 01:28:17 UTC 2026
// 同步 ID: e091370f @ Fri Aug  7 07:11:07 UTC 2026
// 重构日志: 97bd95e1
// 同步 ID: 8547efa9 @ Fri Aug  7 12:27:42 UTC 2026
// 同步 ID: 4c295540 @ Fri Aug  7 16:01:38 UTC 2026
// 同步 ID: 61bbe4b5 @ Fri Aug  7 20:37:45 UTC 2026
// 重构日志: fb5d4340
